
/home/runner/work/exp-buoyancy-circular-iitb/exp-buoyancy-circular-iitb/experiment/simulation/common_libraries/js/ts_components/collapse_step.js
   1:10  warning  'show_step' is defined but never used                 no-unused-vars
   2:5   warning  '$' is not defined                                    no-undef
   3:9   warning  '$' is not defined                                    no-undef
   6:10  warning  'hide_step' is defined but never used                 no-unused-vars
   7:5   warning  '$' is not defined                                    no-undef
   8:9   warning  '$' is not defined                                    no-undef
  11:10  warning  'get_collapse_btn_text' is defined but never used     no-unused-vars
  20:10  warning  'get_collapse_btn_element' is defined but never used  no-unused-vars
  29:10  warning  'hide_all_steps' is defined but never used            no-unused-vars
  31:9   warning  '$' is not defined                                    no-undef

/home/runner/work/exp-buoyancy-circular-iitb/exp-buoyancy-circular-iitb/experiment/simulation/common_libraries/js/ts_components/matrix.js
   27:26  warning  'MathJax' is not defined                                no-undef
   32:7   warning  'Matrix_Without_String' is defined but never used       no-unused-vars
   52:26  warning  'MathJax' is not defined                                no-undef
   56:10  warning  'get_matrix_html' is defined but never used             no-unused-vars
   87:13  warning  'row_html' is assigned a value but never used           no-unused-vars
   99:10  warning  'get_matrix_html_with_title' is defined but never used  no-unused-vars
  131:13  warning  'row_html' is assigned a value but never used           no-unused-vars
  143:10  warning  'convert_2d_to_1d_vector' is defined but never used     no-unused-vars
  156:10  warning  'convert_1d_to_2d_matrix' is defined but never used     no-unused-vars

/home/runner/work/exp-buoyancy-circular-iitb/exp-buoyancy-circular-iitb/experiment/simulation/common_libraries/js/ts_components/pannel.js
  8:7  warning  'Pannel' is defined but never used  no-unused-vars

/home/runner/work/exp-buoyancy-circular-iitb/exp-buoyancy-circular-iitb/experiment/simulation/common_libraries/js/ts_components/questions.js
   6:17  warning  'op1' is assigned a value but never used      no-unused-vars
   7:17  warning  'op2' is assigned a value but never used      no-unused-vars
   8:17  warning  'op3' is assigned a value but never used      no-unused-vars
   9:17  warning  'op4' is assigned a value but never used      no-unused-vars
  94:7   warning  'Question_Options' is defined but never used  no-unused-vars

/home/runner/work/exp-buoyancy-circular-iitb/exp-buoyancy-circular-iitb/experiment/simulation/common_libraries/js/ts_components/tables.js
   19:22  warning  'verify_values' is not defined                                     no-undef
  137:22  warning  'verify_values' is not defined                                     no-undef
  260:7   warning  'Verify_Rows_Cols_6_decimal_places' is defined but never used      no-unused-vars
  311:22  warning  'verify_values' is not defined                                     no-undef
  416:7   warning  'Verify_Rows_Cols_Custom_Fixed_Update1' is defined but never used  no-unused-vars
  468:7   warning  'Show_Table_Custom_Fixed' is defined but never used                no-unused-vars
  506:7   warning  'Verify_Rows_Cols_Strings' is defined but never used               no-unused-vars
  527:22  warning  'verify_values' is not defined                                     no-undef
  663:7   warning  'Display_Table' is defined but never used                          no-unused-vars

/home/runner/work/exp-buoyancy-circular-iitb/exp-buoyancy-circular-iitb/experiment/simulation/common_libraries/js/ts_math_library/general_math_functions.js
    1:10  warning  'verify_values' is defined but never used                   no-unused-vars
   17:10  warning  'random1' is defined but never used                         no-unused-vars
   21:10  warning  'std_deviation' is defined but never used                   no-unused-vars
   26:10  warning  'gauss' is defined but never used                           no-unused-vars
   56:10  warning  'hide_panel' is defined but never used                      no-unused-vars
   63:10  warning  'inverse_matrix' is defined but never used                  no-unused-vars
   96:10  warning  'matrix_multiplication' is defined but never used           no-unused-vars
  113:10  warning  'transpose_matrix' is defined but never used                no-unused-vars
  123:10  warning  'matrix_multiplication_8decimal' is defined but never used  no-unused-vars
  140:10  warning  'adjoint_2x2_matrix' is defined but never used              no-unused-vars
  145:10  warning  'find_deteminant' is defined but never used                 no-unused-vars
  174:10  warning  'get_Submatrix' is defined but never used                   no-unused-vars

/home/runner/work/exp-buoyancy-circular-iitb/exp-buoyancy-circular-iitb/experiment/simulation/common_libraries/js/ts_math_library/regression.js
   1:10  warning  'regression_linear' is defined but never used            no-unused-vars
  18:10  warning  'regression_linear_1variable' is defined but never used  no-unused-vars
  27:10  warning  'regression_linear_2variable' is defined but never used  no-unused-vars
  52:11  warning  'gauss' is not defined                                   no-undef

/home/runner/work/exp-buoyancy-circular-iitb/exp-buoyancy-circular-iitb/experiment/simulation/common_libraries/math.ob.js
  1:745  warning  'b' is already defined  no-redeclare

/home/runner/work/exp-buoyancy-circular-iitb/exp-buoyancy-circular-iitb/experiment/simulation/js/activity1.js
   19:24   warning  'MathJax' is not defined                no-undef
   22:10   warning  'start_act1' is defined but never used  no-unused-vars
   27:20   warning  'get_collapse_btn_text' is not defined  no-undef
   32:40   warning  'diamter' is not defined                no-undef
   32:63   warning  'l' is not defined                      no-undef
   32:167  warning  'den' is not defined                    no-undef
   46:31   warning  'den' is not defined                    no-undef
  137:5    warning  'hide_all_steps' is not defined         no-undef
  138:24   warning  'show_step' is not defined              no-undef
  139:24   warning  'MathJax' is not defined                no-undef
  143:5    warning  'weight' is not defined                 no-undef
  143:40   warning  'diamter' is not defined                no-undef
  143:55   warning  'l' is not defined                      no-undef
  143:59   warning  'den' is not defined                    no-undef
  144:5    warning  'v' is not defined                      no-undef
  144:9    warning  'weight' is not defined                 no-undef
  145:5    warning  'A' is not defined                      no-undef
  145:9    warning  'v' is not defined                      no-undef
  145:13   warning  'l' is not defined                      no-undef
  147:9    warning  'theta' is not defined                  no-undef
  147:44   warning  'radius' is not defined                 no-undef
  147:80   warning  'radius' is not defined                 no-undef
  147:104  warning  'radius' is not defined                 no-undef
  147:127  warning  'theta' is not defined                  no-undef
  147:161  warning  'theta' is not defined                  no-undef
  147:186  warning  'A' is not defined                      no-undef
  149:5    warning  'theta' is not defined                  no-undef
  149:13   warning  'theta' is not defined                  no-undef
  150:5    warning  'h' is not defined                      no-undef
  150:9    warning  'radius' is not defined                 no-undef
  150:18   warning  'radius' is not defined                 no-undef
  150:36   warning  'theta' is not defined                  no-undef
  152:10   warning  'verify_a1' is defined but never used   no-unused-vars
  154:29   warning  'weight' is not defined                 no-undef
  154:45   warning  'v' is not defined                      no-undef
  154:59   warning  'A' is not defined                      no-undef
  154:73   warning  'theta' is not defined                  no-undef
  154:88   warning  'h' is not defined                      no-undef
  163:10   warning  'verify_values' is not defined          no-undef
  163:48   warning  'weight' is not defined                 no-undef
  167:10   warning  'verify_values' is not defined          no-undef
  167:49   warning  'v' is not defined                      no-undef
  171:10   warning  'verify_values' is not defined          no-undef
  171:49   warning  'A' is not defined                      no-undef
  175:10   warning  'verify_values' is not defined          no-undef
  175:48   warning  'theta' is not defined                  no-undef
  181:25   warning  'weight' is not defined                 no-undef
  183:26   warning  'v' is not defined                      no-undef
  185:26   warning  'A' is not defined                      no-undef
  187:25   warning  'theta' is not defined                  no-undef
  192:20   warning  'theta' is not defined                  no-undef
  196:10   warning  'verify2' is defined but never used     no-unused-vars
  200:10   warning  'verify_values' is not defined          no-undef
  200:48   warning  'h' is not defined                      no-undef
  206:24   warning  'h' is not defined                      no-undef

/home/runner/work/exp-buoyancy-circular-iitb/exp-buoyancy-circular-iitb/experiment/simulation/js/data.js
   4:5  warning  'dP' is assigned a value but never used               no-unused-vars
   5:5  warning  'diff_pressure' is assigned a value but never used    no-unused-vars
   6:5  warning  'bulk_modulus' is assigned a value but never used     no-unused-vars
   7:5  warning  'compressibility' is assigned a value but never used  no-unused-vars
   8:5  warning  'height' is assigned a value but never used           no-unused-vars
   9:5  warning  'width' is assigned a value but never used            no-unused-vars
  10:5  warning  'depth' is assigned a value but never used            no-unused-vars
  11:5  warning  'angle' is assigned a value but never used            no-unused-vars
  12:5  warning  'h_bar' is assigned a value but never used            no-unused-vars
  13:5  warning  'F' is assigned a value but never used                no-unused-vars
  14:5  warning  'Ig' is assigned a value but never used               no-unused-vars
  15:5  warning  'h_star' is assigned a value but never used           no-unused-vars
  16:5  warning  'fx' is assigned a value but never used               no-unused-vars
  17:5  warning  'fy' is assigned a value but never used               no-unused-vars
  18:5  warning  'resultant' is assigned a value but never used        no-unused-vars
  21:5  warning  'radius' is assigned a value but never used           no-unused-vars
  22:5  warning  'A' is assigned a value but never used                no-unused-vars
  23:5  warning  'l' is assigned a value but never used                no-unused-vars
  24:5  warning  'den' is assigned a value but never used              no-unused-vars
  25:5  warning  'v' is assigned a value but never used                no-unused-vars
  26:5  warning  'weight' is assigned a value but never used           no-unused-vars
  27:5  warning  'theta' is assigned a value but never used            no-unused-vars
  28:5  warning  'h' is assigned a value but never used                no-unused-vars

/home/runner/work/exp-buoyancy-circular-iitb/exp-buoyancy-circular-iitb/experiment/simulation/js/gauss_ele.js
  42:10  warning  'gauss_ele' is defined but never used  no-unused-vars

/home/runner/work/exp-buoyancy-circular-iitb/exp-buoyancy-circular-iitb/experiment/simulation/js/screen_size.js
  1:10  warning  'set_screen_size' is defined but never used  no-unused-vars

/home/runner/work/exp-buoyancy-circular-iitb/exp-buoyancy-circular-iitb/experiment/simulation/js/trap.js
   4:10  warning  'generate_data' is defined but never used  no-unused-vars
  13:10  warning  'trap' is defined but never used           no-unused-vars
  21:10  warning  'sim1by3' is defined but never used        no-unused-vars
  29:10  warning  'sim3by8' is defined but never used        no-unused-vars

✖ 135 problems (0 errors, 135 warnings)

